// Jest Snapshot v1, https://goo.gl/fbAQLP

exports[`test routing in normal 1`] = `
"// @ts-nocheck
/* sagaroute-inject:imports */
/* injected by sagaroute: start */
import LayoutsIndex from "@/layouts/index";
import PagesIndex from "@/pages/index";
import Pages404 from "@/pages/404";
/* injected by sagaroute: end */

// sagaroute-inject: routes
const routes = [
  {
    "path": "/",
    "element": <LayoutsIndex/>,
    "children": [
      {
        "index": true,
        "element": <PagesIndex/>
      }
    ]
  },
  {
    "path": "*",
    "element": <Pages404/>
  }
];
export default routes;"
`;
